Vercel CLI 58.9.1 (Node.js 24.15.0)
Deploying deviso
Uploading [--------------------] (0.0B/2.2MB)
Uploading [=====---------------] (563.1KB/2.2MB)
Uploading [==========----------] (1.1MB/2.2MB)
Uploading [===============-----] (1.6MB/2.2MB)
Uploading [====================] (2.2MB/2.2MB)
  Inspect         https://vercel.com/getdeviso/deviso/2s3KfbRPsLSo1iBnW7grxsNhAAH7
  Production      https://deviso-qlkylr70b-getdeviso.vercel.app
https://deviso-qlkylr70b-getdeviso.vercel.appBuilding…
Building…
Running build in Washington, D.C., USA (East) – iad1
Build machine configuration: 2 cores, 8 GB
Retrieving list of deployment files...
Downloading 220 deployment files...
Restored build cache from previous deployment (7SUDZ6ikhVFEymdy3V7je1qt5ukX)
Running "vercel build"
Vercel CLI 58.1.0
Installing dependencies...
up to date in 1s
168 packages are looking for funding
run `npm fund` for details
Detected Next.js version: 16.3.0
Running "npm run build"
> deviso@0.1.0 build
> next build
▲ Next.js 16.3.0 (Turbopack)
[@sentry/nextjs] DEPRECATION WARNING: disableLogger is deprecated and will be removed in a future version. Use webpack.treeshake.removeDebugLogging instead. (Not supported with Turbopack.)
[@sentry/nextjs] DEPRECATION WARNING: automaticVercelMonitors is deprecated and will be removed in a future version. Use webpack.automaticVercelMonitors instead. (Not supported with Turbopack.)
Applying modifyConfig from Vercel
✓ Running next.config.ts took 605ms
- Experiments (use with caution):
· clientTraceMetadata
⚠ The "middleware" file convention is deprecated. Please use "proxy" instead.
To migrate automatically, run:
npx @next/codemod@canary middleware-to-proxy .
Learn more: https://nextjs.org/docs/messages/middleware-to-proxy
Creating an optimized production build ...
[@sentry/nextjs] DEPRECATION WARNING: disableLogger is deprecated and will be removed in a future version. Use webpack.treeshake.removeDebugLogging instead. (Not supported with Turbopack.)
[@sentry/nextjs] DEPRECATION WARNING: automaticVercelMonitors is deprecated and will be removed in a future version. Use webpack.automaticVercelMonitors instead. (Not supported with Turbopack.)
✓ Compiled successfully in 4.2s
Running next.config.js provided runAfterProductionCompile ...
✓ Completed runAfterProductionCompile in 4.4s
Running TypeScript ...
Finished TypeScript in 7.3s ...
Collecting page data using 1 worker ...
⚠ The Edge Runtime is deprecated. You can use the "nodejs" runtime instead. Learn more: https://nextjs.org/docs/messages/edge-runtime-deprecated
⚠ Using edge runtime on a page currently disables static generation for that page
Generating static pages using 1 worker (0/102) ...
Generating static pages using 1 worker (25/102)
Generating static pages using 1 worker (50/102)
Generating static pages using 1 worker (76/102)
✓ Generating static pages using 1 worker (102/102) in 1707ms
Finalizing page optimization ...
Running onBuildComplete from Vercel
Route (app)
┌ ○ /
├ ○ /_not-found
├ ƒ /api/catalog
├ ƒ /api/catalog/[id]
├ ƒ /api/crm
├ ƒ /api/cron/cleanup-demo
├ ƒ /api/cron/recurring
├ ƒ /api/cron/send-reminders
├ ƒ /api/demo/start
├ ƒ /api/export/fec
├ ƒ /api/export/invoices-csv
├ ƒ /api/export/monthly-recap
├ ƒ /api/icons/[size]
├ ƒ /api/invoices
├ ƒ /api/invoices/[id]
├ ƒ /api/invoices/[id]/chorus-pro
├ ƒ /api/invoices/[id]/chorus-pro/status
├ ƒ /api/invoices/[id]/download
├ ƒ /api/invoices/[id]/payment-link
├ ƒ /api/invoices/[id]/send-email
├ ƒ /api/invoices/[id]/send-reminder
├ ƒ /api/notifications
├ ƒ /api/profile
├ ƒ /api/profile/email-domain
├ ƒ /api/profile/logo
├ ƒ /api/profile/subdomain-check
├ ƒ /api/proposals
├ ƒ /api/proposals/[id]
├ ƒ /api/proposals/[id]/approve
├ ƒ /api/proposals/[id]/reject
├ ƒ /api/proposals/[id]/remind
├ ƒ /api/proposals/[id]/send-email
├ ƒ /api/proposals/[id]/submit-for-approval
├ ƒ /api/proposals/generate
├ ƒ /api/public/proposals/[token]
├ ƒ /api/recurring
├ ƒ /api/stats
├ ƒ /api/stripe/checkout
├ ƒ /api/stripe/portal
├ ƒ /api/superpdp/callback
├ ƒ /api/superpdp/connect
├ ƒ /api/superpdp/status
├ ƒ /api/team
├ ƒ /api/team/[memberId]
├ ƒ /api/team/accept/[token]
├ ƒ /api/team/invite-info/[token]
├ ƒ /api/team/invite-signup
├ ƒ /api/team/pipeline
├ ƒ /api/templates
├ ƒ /api/templates/[id]
├ ƒ /api/webhooks/stripe
├ ○ /apple-icon
├ ƒ /auth/callback
├ ○ /auth/demo-callback
├ ƒ /billing
├ ○ /blog
├ ○ /blog/checklist-reforme-facturation-2026
├ ○ /blog/choisir-plateforme-agreee-freelance
├ ○ /blog/clauses-devis-freelance
├ ○ /blog/devis-artisan-btp
├ ○ /blog/devis-coach-freelance
├ ○ /blog/devis-community-manager
├ ○ /blog/devis-consultant-independant
├ ○ /blog/devis-developpeur-web
├ ○ /blog/devis-formateur-independant
├ ○ /blog/devis-graphiste-freelance
├ ○ /blog/devis-photographe-freelance
├ ○ /blog/devis-redacteur-web
├ ○ /blog/devis-traducteur-freelance
├ ○ /blog/e-reporting-freelance-2026
├ ○ /blog/facturation-electronique-2026
├ ○ /blog/fixer-ses-tarifs-freelance
├ ○ /blog/gerer-impayes-freelance
├ ○ /blog/reforme-facturation-micro-entrepreneur
├ ○ /blog/scope-creep-freelance
├ ƒ /catalogue
├ ○ /cgu
├ ○ /combien-facturer
├   /combien-facturer/[metier]
│ ├ ● /combien-facturer/graphiste-freelance
│ ├ ● /combien-facturer/developpeur-web-freelance
│ ├ ● /combien-facturer/consultant-freelance
│ └ ● [+7 more paths]
├ ○ /confidentialite
├ ƒ /crm
├ ƒ /dashboard
├ ○ /forgot-password
├ ○ /freelance-artisan
├ ○ /freelance-coach
├ ○ /freelance-community-manager
├ ○ /freelance-consultant
├ ○ /freelance-developpeur
├ ○ /freelance-formateur
├ ○ /freelance-graphiste
├ ○ /freelance-photographe
├ ○ /freelance-redacteur
├ ○ /freelance-traducteur
├ ○ /icon
├ ƒ /invoices
├ ƒ /invoices/[id]
├ ƒ /invoices/new
├ ƒ /join/[token]
├ ○ /login
├ ○ /manifest.webmanifest
├ ○ /mentions-legales
├ ƒ /onboarding
├ ○ /opengraph-image
├ ƒ /p/[token]
├ ƒ /paiements
├ ƒ /prise-en-main
├ ƒ /prise-en-main/[slug]
├ ƒ /profil
├ ƒ /proposals
├ ƒ /proposals/[id]
├ ƒ /proposals/new
├ ○ /reset-password
├ ○ /robots.txt
├ ○ /signup
├ ○ /sitemap.xml
├ ƒ /stats
└ ƒ /team
ƒ Proxy (Middleware)
○  (Static)   prerendered as static content
●  (SSG)      prerendered as static HTML (uses generateStaticParams)
ƒ  (Dynamic)  server-rendered on demand
Build Completed in /vercel/output [25s]
Deploying outputs...
[2K[1A[2K[G  Production      https://deviso-qlkylr70b-getdeviso.vercel.app
Completing…
▲ Aliased         https://getdeviso.fr

✓ Ready in 1m
